// Jest Snapshot v1, https://goo.gl/fbAQLP

exports[`babel operators should work 1`] = `
Array [
  24,
]
`;
